0 verbose cli /data/data/com.termux/files/usr/bin/node /data/data/com.termux/files/usr/bin/npm
1 info using npm@11.17.0
2 info using node@v26.3.1
3 silly config load:file:/data/data/com.termux/files/usr/lib/node_modules/npm/npmrc
4 silly config load:file:/data/data/com.termux/files/home/.npmrc
5 silly config load:file:/data/data/com.termux/files/usr/etc/npmrc
6 verbose title npm install n
7 verbose argv "install" "--global" "n"
8 verbose logfile logs-max:10 dir:/data/data/com.termux/files/home/.npm/_logs/2026-06-26T13_18_08_138Z-
9 verbose logfile /data/data/com.termux/files/home/.npm/_logs/2026-06-26T13_18_08_138Z-debug-0.log
10 silly packumentCache heap:2248146944 maxSize:562036736 maxEntrySize:281018368
11 silly logfile done cleaning log files
12 silly idealTree buildDeps
13 silly fetch manifest n@*
14 silly packumentCache full:https://registry.npmjs.org/n cache-miss
15 http fetch GET 200 https://registry.npmjs.org/n 966ms (cache miss)
16 silly packumentCache full:https://registry.npmjs.org/n set size:undefined disposed:false
17 silly placeDep ROOT n@10.2.0 OK for:  want: *
18 silly reify moves {}
19 http cache n@https://registry.npmjs.org/n/-/n-10.2.0.tgz 1ms (cache hit)
20 silly tarball no local data for n@https://registry.npmjs.org/n/-/n-10.2.0.tgz. Extracting by manifest.
21 http fetch GET 200 https://registry.npmjs.org/n/-/n-10.2.0.tgz 241ms (cache miss)
22 silly ADD node_modules/n
23 verbose cwd /data/data/com.termux/files/home
24 verbose os Linux 5.4.242-30958140-abG998BXXSJHZC2
25 verbose node v26.3.1
26 verbose npm  v11.17.0
27 verbose exit 0
28 info ok
